// Jest Snapshot v1, https://goo.gl/fbAQLP

exports[`Date Picker renders correctly 1`] = `
ShallowWrapper {
  "length": 1,
  Symbol(enzyme.__root__): [Circular],
  Symbol(enzyme.__unrendered__): <DatePickerSingle
    checkIfDateOutOfRange={[MockFunction checkIfDateOutOfRange]}
    date="2018-02-27T00:00:00.000Z"
    displayFormat="MMM D YYYY"
    focused={true}
    onDateChange={[MockFunction onDatesChange]}
    readOnly={false}
  />,
  Symbol(enzyme.__renderer__): Object {
    "batchedUpdates": [Function],
    "getNode": [Function],
    "render": [Function],
    "simulateEvent": [Function],
    "unmount": [Function],
  },
  Symbol(enzyme.__node__): Object {
    "instance": null,
    "key": null,
    "nodeType": "host",
    "props": Object {
      "children": <withStyles(SingleDatePicker)
        anchorDirection="left"
        block={false}
        customCloseIcon={null}
        customInputIcon={null}
        date={"2018-02-27T00:00:00.000Z"}
        daySize={39}
        disabled={false}
        displayFormat="MMM D YYYY"
        enableOutsideDays={false}
        firstDayOfWeek={null}
        focused={false}
        hideKeyboardShortcutsPanel={false}
        horizontalMargin={0}
        id="date"
        initialVisibleMonth={[Function]}
        inputIconPosition="before"
        isDayBlocked={[Function]}
        isDayHighlighted={[Function]}
        isOutsideRange={[Function]}
        isRTL={false}
        keepOpenOnDateSelect={false}
        monthFormat="MMMM YYYY"
        navNext={null}
        navPrev={null}
        noBorder={false}
        numberOfMonths={2}
        onClose={[Function]}
        onDateChange={[Function]}
        onFocusChange={[Function]}
        onNextMonthClick={[Function]}
        onPrevMonthClick={[Function]}
        openDirection="down"
        orientation="horizontal"
        phrases={
          Object {
            "calendarLabel": "Calendar",
            "chooseAvailableDate": [Function],
            "clearDate": "Clear Date",
            "closeDatePicker": "Close",
            "dateIsUnavailable": [Function],
            "enterKey": "Enter key",
            "escape": "Escape key",
            "hideKeyboardShortcutsPanel": "Close the shortcuts panel.",
            "homeEnd": "Home and end keys",
            "jumpToNextMonth": "Move forward to switch to the next month.",
            "jumpToPrevMonth": "Move backward to switch to the previous month.",
            "keyboardNavigationInstructions": "Press the down arrow key to interact with the calendar and
  select a date. Press the question mark key to get the keyboard shortcuts for changing dates.",
            "keyboardShortcuts": "Keyboard Shortcuts",
            "leftArrowRightArrow": "Right and left arrow keys",
            "moveFocusByOneDay": "Move backward (left) and forward (right) by one day.",
            "moveFocusByOneMonth": "Switch months.",
            "moveFocusByOneWeek": "Move backward (up) and forward (down) by one week.",
            "moveFocustoStartAndEndOfWeek": "Go to the first or last day of a week.",
            "openThisPanel": "Open this panel.",
            "pageUpPageDown": "page up and page down keys",
            "questionMark": "Question mark",
            "returnFocusToInput": "Return to the date input field.",
            "selectFocusedDate": "Select the date in focus.",
            "showKeyboardShortcutsPanel": "Open the keyboard shortcuts panel.",
            "upArrowDownArrow": "up and down arrow keys",
          }
        }
        placeholder="Date"
        readOnly={false}
        renderCalendarInfo={[Function]}
        renderDay={null}
        renderMonth={null}
        reopenPickerOnClearDate={false}
        required={false}
        screenReaderInputMessage=""
        showClearDate={false}
        showDefaultInputIcon={false}
        transitionDuration={undefined}
        verticalHeight={null}
        weekDayFormat="dd"
        withFullScreenPortal={false}
        withPortal={false}
      />,
    },
    "ref": [Function],
    "rendered": Object {
      "instance": null,
      "key": null,
      "nodeType": "class",
      "props": Object {
        "anchorDirection": "left",
        "block": false,
        "customCloseIcon": null,
        "customInputIcon": null,
        "date": "2018-02-27T00:00:00.000Z",
        "daySize": 39,
        "disabled": false,
        "displayFormat": "MMM D YYYY",
        "enableOutsideDays": false,
        "firstDayOfWeek": null,
        "focused": false,
        "hideKeyboardShortcutsPanel": false,
        "horizontalMargin": 0,
        "id": "date",
        "initialVisibleMonth": [Function],
        "inputIconPosition": "before",
        "isDayBlocked": [Function],
        "isDayHighlighted": [Function],
        "isOutsideRange": [Function],
        "isRTL": false,
        "keepOpenOnDateSelect": false,
        "monthFormat": "MMMM YYYY",
        "navNext": null,
        "navPrev": null,
        "noBorder": false,
        "numberOfMonths": 2,
        "onClose": [Function],
        "onDateChange": [Function],
        "onFocusChange": [Function],
        "onNextMonthClick": [Function],
        "onPrevMonthClick": [Function],
        "openDirection": "down",
        "orientation": "horizontal",
        "phrases": Object {
          "calendarLabel": "Calendar",
          "chooseAvailableDate": [Function],
          "clearDate": "Clear Date",
          "closeDatePicker": "Close",
          "dateIsUnavailable": [Function],
          "enterKey": "Enter key",
          "escape": "Escape key",
          "hideKeyboardShortcutsPanel": "Close the shortcuts panel.",
          "homeEnd": "Home and end keys",
          "jumpToNextMonth": "Move forward to switch to the next month.",
          "jumpToPrevMonth": "Move backward to switch to the previous month.",
          "keyboardNavigationInstructions": "Press the down arrow key to interact with the calendar and
  select a date. Press the question mark key to get the keyboard shortcuts for changing dates.",
          "keyboardShortcuts": "Keyboard Shortcuts",
          "leftArrowRightArrow": "Right and left arrow keys",
          "moveFocusByOneDay": "Move backward (left) and forward (right) by one day.",
          "moveFocusByOneMonth": "Switch months.",
          "moveFocusByOneWeek": "Move backward (up) and forward (down) by one week.",
          "moveFocustoStartAndEndOfWeek": "Go to the first or last day of a week.",
          "openThisPanel": "Open this panel.",
          "pageUpPageDown": "page up and page down keys",
          "questionMark": "Question mark",
          "returnFocusToInput": "Return to the date input field.",
          "selectFocusedDate": "Select the date in focus.",
          "showKeyboardShortcutsPanel": "Open the keyboard shortcuts panel.",
          "upArrowDownArrow": "up and down arrow keys",
        },
        "placeholder": "Date",
        "readOnly": false,
        "renderCalendarInfo": [Function],
        "renderDay": null,
        "renderMonth": null,
        "reopenPickerOnClearDate": false,
        "required": false,
        "screenReaderInputMessage": "",
        "showClearDate": false,
        "showDefaultInputIcon": false,
        "transitionDuration": undefined,
        "verticalHeight": null,
        "weekDayFormat": "dd",
        "withFullScreenPortal": false,
        "withPortal": false,
      },
      "ref": null,
      "rendered": null,
      "type": [Function],
    },
    "type": "div",
  },
  Symbol(enzyme.__nodes__): Array [
    Object {
      "instance": null,
      "key": null,
      "nodeType": "host",
      "props": Object {
        "children": <withStyles(SingleDatePicker)
          anchorDirection="left"
          block={false}
          customCloseIcon={null}
          customInputIcon={null}
          date={"2018-02-27T00:00:00.000Z"}
          daySize={39}
          disabled={false}
          displayFormat="MMM D YYYY"
          enableOutsideDays={false}
          firstDayOfWeek={null}
          focused={false}
          hideKeyboardShortcutsPanel={false}
          horizontalMargin={0}
          id="date"
          initialVisibleMonth={[Function]}
          inputIconPosition="before"
          isDayBlocked={[Function]}
          isDayHighlighted={[Function]}
          isOutsideRange={[Function]}
          isRTL={false}
          keepOpenOnDateSelect={false}
          monthFormat="MMMM YYYY"
          navNext={null}
          navPrev={null}
          noBorder={false}
          numberOfMonths={2}
          onClose={[Function]}
          onDateChange={[Function]}
          onFocusChange={[Function]}
          onNextMonthClick={[Function]}
          onPrevMonthClick={[Function]}
          openDirection="down"
          orientation="horizontal"
          phrases={
            Object {
              "calendarLabel": "Calendar",
              "chooseAvailableDate": [Function],
              "clearDate": "Clear Date",
              "closeDatePicker": "Close",
              "dateIsUnavailable": [Function],
              "enterKey": "Enter key",
              "escape": "Escape key",
              "hideKeyboardShortcutsPanel": "Close the shortcuts panel.",
              "homeEnd": "Home and end keys",
              "jumpToNextMonth": "Move forward to switch to the next month.",
              "jumpToPrevMonth": "Move backward to switch to the previous month.",
              "keyboardNavigationInstructions": "Press the down arrow key to interact with the calendar and
  select a date. Press the question mark key to get the keyboard shortcuts for changing dates.",
              "keyboardShortcuts": "Keyboard Shortcuts",
              "leftArrowRightArrow": "Right and left arrow keys",
              "moveFocusByOneDay": "Move backward (left) and forward (right) by one day.",
              "moveFocusByOneMonth": "Switch months.",
              "moveFocusByOneWeek": "Move backward (up) and forward (down) by one week.",
              "moveFocustoStartAndEndOfWeek": "Go to the first or last day of a week.",
              "openThisPanel": "Open this panel.",
              "pageUpPageDown": "page up and page down keys",
              "questionMark": "Question mark",
              "returnFocusToInput": "Return to the date input field.",
              "selectFocusedDate": "Select the date in focus.",
              "showKeyboardShortcutsPanel": "Open the keyboard shortcuts panel.",
              "upArrowDownArrow": "up and down arrow keys",
            }
          }
          placeholder="Date"
          readOnly={false}
          renderCalendarInfo={[Function]}
          renderDay={null}
          renderMonth={null}
          reopenPickerOnClearDate={false}
          required={false}
          screenReaderInputMessage=""
          showClearDate={false}
          showDefaultInputIcon={false}
          transitionDuration={undefined}
          verticalHeight={null}
          weekDayFormat="dd"
          withFullScreenPortal={false}
          withPortal={false}
        />,
      },
      "ref": [Function],
      "rendered": Object {
        "instance": null,
        "key": null,
        "nodeType": "class",
        "props": Object {
          "anchorDirection": "left",
          "block": false,
          "customCloseIcon": null,
          "customInputIcon": null,
          "date": "2018-02-27T00:00:00.000Z",
          "daySize": 39,
          "disabled": false,
          "displayFormat": "MMM D YYYY",
          "enableOutsideDays": false,
          "firstDayOfWeek": null,
          "focused": false,
          "hideKeyboardShortcutsPanel": false,
          "horizontalMargin": 0,
          "id": "date",
          "initialVisibleMonth": [Function],
          "inputIconPosition": "before",
          "isDayBlocked": [Function],
          "isDayHighlighted": [Function],
          "isOutsideRange": [Function],
          "isRTL": false,
          "keepOpenOnDateSelect": false,
          "monthFormat": "MMMM YYYY",
          "navNext": null,
          "navPrev": null,
          "noBorder": false,
          "numberOfMonths": 2,
          "onClose": [Function],
          "onDateChange": [Function],
          "onFocusChange": [Function],
          "onNextMonthClick": [Function],
          "onPrevMonthClick": [Function],
          "openDirection": "down",
          "orientation": "horizontal",
          "phrases": Object {
            "calendarLabel": "Calendar",
            "chooseAvailableDate": [Function],
            "clearDate": "Clear Date",
            "closeDatePicker": "Close",
            "dateIsUnavailable": [Function],
            "enterKey": "Enter key",
            "escape": "Escape key",
            "hideKeyboardShortcutsPanel": "Close the shortcuts panel.",
            "homeEnd": "Home and end keys",
            "jumpToNextMonth": "Move forward to switch to the next month.",
            "jumpToPrevMonth": "Move backward to switch to the previous month.",
            "keyboardNavigationInstructions": "Press the down arrow key to interact with the calendar and
  select a date. Press the question mark key to get the keyboard shortcuts for changing dates.",
            "keyboardShortcuts": "Keyboard Shortcuts",
            "leftArrowRightArrow": "Right and left arrow keys",
            "moveFocusByOneDay": "Move backward (left) and forward (right) by one day.",
            "moveFocusByOneMonth": "Switch months.",
            "moveFocusByOneWeek": "Move backward (up) and forward (down) by one week.",
            "moveFocustoStartAndEndOfWeek": "Go to the first or last day of a week.",
            "openThisPanel": "Open this panel.",
            "pageUpPageDown": "page up and page down keys",
            "questionMark": "Question mark",
            "returnFocusToInput": "Return to the date input field.",
            "selectFocusedDate": "Select the date in focus.",
            "showKeyboardShortcutsPanel": "Open the keyboard shortcuts panel.",
            "upArrowDownArrow": "up and down arrow keys",
          },
          "placeholder": "Date",
          "readOnly": false,
          "renderCalendarInfo": [Function],
          "renderDay": null,
          "renderMonth": null,
          "reopenPickerOnClearDate": false,
          "required": false,
          "screenReaderInputMessage": "",
          "showClearDate": false,
          "showDefaultInputIcon": false,
          "transitionDuration": undefined,
          "verticalHeight": null,
          "weekDayFormat": "dd",
          "withFullScreenPortal": false,
          "withPortal": false,
        },
        "ref": null,
        "rendered": null,
        "type": [Function],
      },
      "type": "div",
    },
  ],
  Symbol(enzyme.__options__): Object {
    "adapter": ReactSixteenAdapter {
      "options": Object {
        "enableComponentDidUpdateOnSetState": true,
      },
    },
  },
}
`;
