// Jest Snapshot v1, https://goo.gl/fbAQLP

exports[`Tooltip component test suite it renders correctly 1`] = `
ShallowWrapper {
  "length": 1,
  Symbol(enzyme.__root__): [Circular],
  Symbol(enzyme.__unrendered__): <Unknown
    x={0}
    y={0}
  >
    <div>
      Content
    </div>
  </Unknown>,
  Symbol(enzyme.__renderer__): Object {
    "batchedUpdates": [Function],
    "getNode": [Function],
    "render": [Function],
    "simulateEvent": [Function],
    "unmount": [Function],
  },
  Symbol(enzyme.__node__): Object {
    "instance": null,
    "key": null,
    "nodeType": "class",
    "props": Object {
      "children": <ToolTipContainerDiv
        x={0}
        y={0}
      >
        <div>
          Content
        </div>
      </ToolTipContainerDiv>,
      "rootId": "tool-tip-root",
    },
    "ref": null,
    "rendered": Object {
      "instance": null,
      "key": null,
      "nodeType": "class",
      "props": Object {
        "children": <div>
          Content
        </div>,
        "x": 0,
        "y": 0,
      },
      "ref": null,
      "rendered": Object {
        "instance": null,
        "key": null,
        "nodeType": "host",
        "props": Object {
          "children": "Content",
        },
        "ref": null,
        "rendered": "Content",
        "type": "div",
      },
      "type": [Function],
    },
    "type": [Function],
  },
  Symbol(enzyme.__nodes__): Array [
    Object {
      "instance": null,
      "key": null,
      "nodeType": "class",
      "props": Object {
        "children": <ToolTipContainerDiv
          x={0}
          y={0}
        >
          <div>
            Content
          </div>
        </ToolTipContainerDiv>,
        "rootId": "tool-tip-root",
      },
      "ref": null,
      "rendered": Object {
        "instance": null,
        "key": null,
        "nodeType": "class",
        "props": Object {
          "children": <div>
            Content
          </div>,
          "x": 0,
          "y": 0,
        },
        "ref": null,
        "rendered": Object {
          "instance": null,
          "key": null,
          "nodeType": "host",
          "props": Object {
            "children": "Content",
          },
          "ref": null,
          "rendered": "Content",
          "type": "div",
        },
        "type": [Function],
      },
      "type": [Function],
    },
  ],
  Symbol(enzyme.__options__): Object {
    "adapter": ReactSixteenAdapter {
      "options": Object {
        "enableComponentDidUpdateOnSetState": true,
      },
    },
  },
}
`;
