// Jest Snapshot v1, https://goo.gl/fbAQLP

exports[`row test suite it renders correctly 1`] = `
.c0 {
  -webkit-flex: 1;
  -ms-flex: 1;
  flex: 1;
  -webkit-flex-direction: row;
  -ms-flex-direction: row;
  flex-direction: row;
  display: -webkit-box;
  display: -webkit-flex;
  display: -ms-flexbox;
  display: flex;
}

<div
  className="c0"
>
  <div>
    cell
  </div>
  <div>
    cell2
  </div>
</div>
`;
