// Jest Snapshot v1, https://goo.gl/fbAQLP

exports[`Trend Trend Component renders correctly 1`] = `
ShallowWrapper {
  "length": 1,
  Symbol(enzyme.__root__): [Circular],
  Symbol(enzyme.__unrendered__): <withState(withHandlers(Component))
    graphData={
      Array [
        Object {
          "data": Object {
            "count": 1,
            "max": 212,
            "mean": 212,
            "min": 212,
            "stdDev": "-",
          },
          "deviation": 0,
          "max": 0.53,
          "min": 0.53,
          "x": 0.25,
          "y": 0.53,
        },
        Object {
          "data": Object {
            "count": 2,
            "max": 140,
            "mean": 135,
            "min": 130,
            "stdDev": 7.0710678118654755,
          },
          "deviation": 0.017677669529663688,
          "max": 0.35,
          "min": 0.325,
          "x": 0.75,
          "y": 0.3375,
        },
      ]
    }
  />,
  Symbol(enzyme.__renderer__): Object {
    "batchedUpdates": [Function],
    "getNode": [Function],
    "render": [Function],
    "simulateEvent": [Function],
    "unmount": [Function],
  },
  Symbol(enzyme.__node__): Object {
    "instance": null,
    "key": null,
    "nodeType": "class",
    "props": Object {
      "graphData": Array [
        Object {
          "data": Object {
            "count": 1,
            "max": 212,
            "mean": 212,
            "min": 212,
            "stdDev": "-",
          },
          "deviation": 0,
          "max": 0.53,
          "min": 0.53,
          "x": 0.25,
          "y": 0.53,
        },
        Object {
          "data": Object {
            "count": 2,
            "max": 140,
            "mean": 135,
            "min": 130,
            "stdDev": 7.0710678118654755,
          },
          "deviation": 0.017677669529663688,
          "max": 0.35,
          "min": 0.325,
          "x": 0.75,
          "y": 0.3375,
        },
      ],
      "toggleToolTip": [Function],
      "toolTip": Object {
        "data": Object {},
        "x": null,
        "y": null,
      },
    },
    "ref": null,
    "rendered": null,
    "type": [Function],
  },
  Symbol(enzyme.__nodes__): Array [
    Object {
      "instance": null,
      "key": null,
      "nodeType": "class",
      "props": Object {
        "graphData": Array [
          Object {
            "data": Object {
              "count": 1,
              "max": 212,
              "mean": 212,
              "min": 212,
              "stdDev": "-",
            },
            "deviation": 0,
            "max": 0.53,
            "min": 0.53,
            "x": 0.25,
            "y": 0.53,
          },
          Object {
            "data": Object {
              "count": 2,
              "max": 140,
              "mean": 135,
              "min": 130,
              "stdDev": 7.0710678118654755,
            },
            "deviation": 0.017677669529663688,
            "max": 0.35,
            "min": 0.325,
            "x": 0.75,
            "y": 0.3375,
          },
        ],
        "toggleToolTip": [Function],
        "toolTip": Object {
          "data": Object {},
          "x": null,
          "y": null,
        },
      },
      "ref": null,
      "rendered": null,
      "type": [Function],
    },
  ],
  Symbol(enzyme.__options__): Object {
    "adapter": ReactSixteenAdapter {
      "options": Object {
        "enableComponentDidUpdateOnSetState": true,
      },
    },
  },
}
`;
