// Jest Snapshot v1, https://goo.gl/fbAQLP

exports[`it renders a button without browser default styling 1`] = `
.c0 {
  -webkit-appearance: none;
  -moz-appearance: none;
  appearance: none;
  background: transparent;
  border: 0;
  box-shadow: none;
  cursor: pointer;
  display: block;
  margin: 0;
  outline: 0;
  padding: 0;
  pointer-events: auto;
}

<button
  className="c0"
  disabled={false}
/>
`;
